// Jest Snapshot v1, https://goo.gl/fbAQLP

exports[`<Map /> DOM structure not changed 1`] = `null`;
