// Jest Snapshot v1, https://goo.gl/fbAQLP

exports[`<MapPoint /> DOM structure not changed 1`] = `null`;
